Archive member included to satisfy reference by file (symbol)

c:/st/stm32cubeide_1.7.0/stm32cubeide/plugins/com.st.stm32cube.ide.mcu.externaltools.gnu-tools-for-stm32.9-2020-q2-update.win32_2.0.0.202105311346/tools/bin/../lib/gcc/arm-none-eabi/9.3.1/../../../../arm-none-eabi/lib/thumb/v7e-m+fp/hard\libc_nano.a(lib_a-errno.o)
                              ./Src/syscalls.o (__errno)
c:/st/stm32cubeide_1.7.0/stm32cubeide/plugins/com.st.stm32cube.ide.mcu.externaltools.gnu-tools-for-stm32.9-2020-q2-update.win32_2.0.0.202105311346/tools/bin/../lib/gcc/arm-none-eabi/9.3.1/../../../../arm-none-eabi/lib/thumb/v7e-m+fp/hard\libc_nano.a(lib_a-exit.o)
                              c:/st/stm32cubeide_1.7.0/stm32cubeide/plugins/com.st.stm32cube.ide.mcu.externaltools.gnu-tools-for-stm32.9-2020-q2-update.win32_2.0.0.202105311346/tools/bin/../lib/gcc/arm-none-eabi/9.3.1/../../../../arm-none-eabi/lib/thumb/v7e-m+fp/hard/crt0.o (exit)
c:/st/stm32cubeide_1.7.0/stm32cubeide/plugins/com.st.stm32cube.ide.mcu.externaltools.gnu-tools-for-stm32.9-2020-q2-update.win32_2.0.0.202105311346/tools/bin/../lib/gcc/arm-none-eabi/9.3.1/../../../../arm-none-eabi/lib/thumb/v7e-m+fp/hard\libc_nano.a(lib_a-impure.o)
                              c:/st/stm32cubeide_1.7.0/stm32cubeide/plugins/com.st.stm32cube.ide.mcu.externaltools.gnu-tools-for-stm32.9-2020-q2-update.win32_2.0.0.202105311346/tools/bin/../lib/gcc/arm-none-eabi/9.3.1/../../../../arm-none-eabi/lib/thumb/v7e-m+fp/hard\libc_nano.a(lib_a-exit.o) (_global_impure_ptr)
c:/st/stm32cubeide_1.7.0/stm32cubeide/plugins/com.st.stm32cube.ide.mcu.externaltools.gnu-tools-for-stm32.9-2020-q2-update.win32_2.0.0.202105311346/tools/bin/../lib/gcc/arm-none-eabi/9.3.1/../../../../arm-none-eabi/lib/thumb/v7e-m+fp/hard\libc_nano.a(lib_a-init.o)
                              c:/st/stm32cubeide_1.7.0/stm32cubeide/plugins/com.st.stm32cube.ide.mcu.externaltools.gnu-tools-for-stm32.9-2020-q2-update.win32_2.0.0.202105311346/tools/bin/../lib/gcc/arm-none-eabi/9.3.1/../../../../arm-none-eabi/lib/thumb/v7e-m+fp/hard/crt0.o (__libc_init_array)
c:/st/stm32cubeide_1.7.0/stm32cubeide/plugins/com.st.stm32cube.ide.mcu.externaltools.gnu-tools-for-stm32.9-2020-q2-update.win32_2.0.0.202105311346/tools/bin/../lib/gcc/arm-none-eabi/9.3.1/../../../../arm-none-eabi/lib/thumb/v7e-m+fp/hard\libc_nano.a(lib_a-memset.o)
                              c:/st/stm32cubeide_1.7.0/stm32cubeide/plugins/com.st.stm32cube.ide.mcu.externaltools.gnu-tools-for-stm32.9-2020-q2-update.win32_2.0.0.202105311346/tools/bin/../lib/gcc/arm-none-eabi/9.3.1/../../../../arm-none-eabi/lib/thumb/v7e-m+fp/hard/crt0.o (memset)

Allocating common symbols
Common symbol       size              file

acc                 0xc               ./Src/main.o
pole                0x4               ./Src/display.o
saved_time          0x8               ./Src/main.o
aReceiveBuffer_read
                    0x4               ./Src/i2c.o
mag                 0xc               ./Src/main.o

Discarded input sections

 .text          0x0000000000000000        0x0 c:/st/stm32cubeide_1.7.0/stm32cubeide/plugins/com.st.stm32cube.ide.mcu.externaltools.gnu-tools-for-stm32.9-2020-q2-update.win32_2.0.0.202105311346/tools/bin/../lib/gcc/arm-none-eabi/9.3.1/thumb/v7e-m+fp/hard/crti.o
 .data          0x0000000000000000        0x0 c:/st/stm32cubeide_1.7.0/stm32cubeide/plugins/com.st.stm32cube.ide.mcu.externaltools.gnu-tools-for-stm32.9-2020-q2-update.win32_2.0.0.202105311346/tools/bin/../lib/gcc/arm-none-eabi/9.3.1/thumb/v7e-m+fp/hard/crti.o
 .bss           0x0000000000000000        0x0 c:/st/stm32cubeide_1.7.0/stm32cubeide/plugins/com.st.stm32cube.ide.mcu.externaltools.gnu-tools-for-stm32.9-2020-q2-update.win32_2.0.0.202105311346/tools/bin/../lib/gcc/arm-none-eabi/9.3.1/thumb/v7e-m+fp/hard/crti.o
 .data          0x0000000000000000        0x4 c:/st/stm32cubeide_1.7.0/stm32cubeide/plugins/com.st.stm32cube.ide.mcu.externaltools.gnu-tools-for-stm32.9-2020-q2-update.win32_2.0.0.202105311346/tools/bin/../lib/gcc/arm-none-eabi/9.3.1/thumb/v7e-m+fp/hard/crtbegin.o
 .text          0x0000000000000000       0x7c c:/st/stm32cubeide_1.7.0/stm32cubeide/plugins/com.st.stm32cube.ide.mcu.externaltools.gnu-tools-for-stm32.9-2020-q2-update.win32_2.0.0.202105311346/tools/bin/../lib/gcc/arm-none-eabi/9.3.1/../../../../arm-none-eabi/lib/thumb/v7e-m+fp/hard/crt0.o
 .data          0x0000000000000000        0x0 c:/st/stm32cubeide_1.7.0/stm32cubeide/plugins/com.st.stm32cube.ide.mcu.externaltools.gnu-tools-for-stm32.9-2020-q2-update.win32_2.0.0.202105311346/tools/bin/../lib/gcc/arm-none-eabi/9.3.1/../../../../arm-none-eabi/lib/thumb/v7e-m+fp/hard/crt0.o
 .bss           0x0000000000000000        0x0 c:/st/stm32cubeide_1.7.0/stm32cubeide/plugins/com.st.stm32cube.ide.mcu.externaltools.gnu-tools-for-stm32.9-2020-q2-update.win32_2.0.0.202105311346/tools/bin/../lib/gcc/arm-none-eabi/9.3.1/../../../../arm-none-eabi/lib/thumb/v7e-m+fp/hard/crt0.o
[...]
Memory Configuration

Name             Origin             Length             Attributes
FLASH            0x0000000008000000 0x0000000000010000 xr
CCMRAM           0x0000000010000000 0x0000000000001000 xrw
RAM              0x0000000020000000 0x0000000000003000 xrw
*default*        0x0000000000000000 0xffffffffffffffff

Linker script and memory map

LOAD c:/st/stm32cubeide_1.7.0/stm32cubeide/plugins/com.st.stm32cube.ide.mcu.externaltools.gnu-tools-for-stm32.9-2020-q2-update.win32_2.0.0.202105311346/tools/bin/../lib/gcc/arm-none-eabi/9.3.1/thumb/v7e-m+fp/hard/crti.o
LOAD c:/st/stm32cubeide_1.7.0/stm32cubeide/plugins/com.st.stm32cube.ide.mcu.externaltools.gnu-tools-for-stm32.9-2020-q2-update.win32_2.0.0.202105311346/tools/bin/../lib/gcc/arm-none-eabi/9.3.1/thumb/v7e-m+fp/hard/crtbegin.o
LOAD c:/st/stm32cubeide_1.7.0/stm32cubeide/plugins/com.st.stm32cube.ide.mcu.externaltools.gnu-tools-for-stm32.9-2020-q2-update.win32_2.0.0.202105311346/tools/bin/../lib/gcc/arm-none-eabi/9.3.1/../../../../arm-none-eabi/lib/thumb/v7e-m+fp/hard/crt0.o
LOAD ./Drivers/STM32F3xx_HAL_Driver/Src/stm32f3xx_ll_dma.o
LOAD ./Drivers/STM32F3xx_HAL_Driver/Src/stm32f3xx_ll_exti.o
LOAD ./Drivers/STM32F3xx_HAL_Driver/Src/stm32f3xx_ll_gpio.o
LOAD ./Drivers/STM32F3xx_HAL_Driver/Src/stm32f3xx_ll_i2c.o
LOAD ./Drivers/STM32F3xx_HAL_Driver/Src/stm32f3xx_ll_rcc.o
LOAD ./Drivers/STM32F3xx_HAL_Driver/Src/stm32f3xx_ll_tim.o
LOAD ./Drivers/STM32F3xx_HAL_Driver/Src/stm32f3xx_ll_utils.o
LOAD ./Src/display.o
LOAD ./Src/gpio.o
LOAD ./Src/i2c.o
LOAD ./Src/main.o
LOAD ./Src/stm32f3xx_it.o
LOAD ./Src/syscalls.o
LOAD ./Src/sysmem.o
LOAD ./Src/system_stm32f3xx.o
LOAD ./Src/tim.o
LOAD ./Startup/startup_stm32f303k8tx.o
LOAD ./accelerometer/lsm6ds0.o
LOAD ./compass/lis3mdltr.o
LOAD ./temperature/hts.o
START GROUP
LOAD c:/st/stm32cubeide_1.7.0/stm32cubeide/plugins/com.st.stm32cube.ide.mcu.externaltools.gnu-tools-for-stm32.9-2020-q2-update.win32_2.0.0.202105311346/tools/bin/../lib/gcc/arm-none-eabi/9.3.1/../../../../arm-none-eabi/lib/thumb/v7e-m+fp/hard\libc_nano.a
LOAD c:/st/stm32cubeide_1.7.0/stm32cubeide/plugins/com.st.stm32cube.ide.mcu.externaltools.gnu-tools-for-stm32.9-2020-q2-update.win32_2.0.0.202105311346/tools/bin/../lib/gcc/arm-none-eabi/9.3.1/../../../../arm-none-eabi/lib/thumb/v7e-m+fp/hard\libm.a
END GROUP
START GROUP
LOAD c:/st/stm32cubeide_1.7.0/stm32cubeide/plugins/com.st.stm32cube.ide.mcu.externaltools.gnu-tools-for-stm32.9-2020-q2-update.win32_2.0.0.202105311346/tools/bin/../lib/gcc/arm-none-eabi/9.3.1/thumb/v7e-m+fp/hard\libgcc.a
LOAD c:/st/stm32cubeide_1.7.0/stm32cubeide/plugins/com.st.stm32cube.ide.mcu.externaltools.gnu-tools-for-stm32.9-2020-q2-update.win32_2.0.0.202105311346/tools/bin/../lib/gcc/arm-none-eabi/9.3.1/../../../../arm-none-eabi/lib/thumb/v7e-m+fp/hard\libc_nano.a
END GROUP
START GROUP
LOAD c:/st/stm32cubeide_1.7.0/stm32cubeide/plugins/com.st.stm32cube.ide.mcu.externaltools.gnu-tools-for-stm32.9-2020-q2-update.win32_2.0.0.202105311346/tools/bin/../lib/gcc/arm-none-eabi/9.3.1/thumb/v7e-m+fp/hard\libgcc.a
LOAD c:/st/stm32cubeide_1.7.0/stm32cubeide/plugins/com.st.stm32cube.ide.mcu.externaltools.gnu-tools-for-stm32.9-2020-q2-update.win32_2.0.0.202105311346/tools/bin/../lib/gcc/arm-none-eabi/9.3.1/../../../../arm-none-eabi/lib/thumb/v7e-m+fp/hard\libc_nano.a
LOAD c:/st/stm32cubeide_1.7.0/stm32cubeide/plugins/com.st.stm32cube.ide.mcu.externaltools.gnu-tools-for-stm32.9-2020-q2-update.win32_2.0.0.202105311346/tools/bin/../lib/gcc/arm-none-eabi/9.3.1/../../../../arm-none-eabi/lib/thumb/v7e-m+fp/hard\libnosys.a
END GROUP
START GROUP
LOAD c:/st/stm32cubeide_1.7.0/stm32cubeide/plugins/com.st.stm32cube.ide.mcu.externaltools.gnu-tools-for-stm32.9-2020-q2-update.win32_2.0.0.202105311346/tools/bin/../lib/gcc/arm-none-eabi/9.3.1/thumb/v7e-m+fp/hard\libgcc.a
LOAD c:/st/stm32cubeide_1.7.0/stm32cubeide/plugins/com.st.stm32cube.ide.mcu.externaltools.gnu-tools-for-stm32.9-2020-q2-update.win32_2.0.0.202105311346/tools/bin/../lib/gcc/arm-none-eabi/9.3.1/../../../../arm-none-eabi/lib/thumb/v7e-m+fp/hard\libc_nano.a
LOAD c:/st/stm32cubeide_1.7.0/stm32cubeide/plugins/com.st.stm32cube.ide.mcu.externaltools.gnu-tools-for-stm32.9-2020-q2-update.win32_2.0.0.202105311346/tools/bin/../lib/gcc/arm-none-eabi/9.3.1/../../../../arm-none-eabi/lib/thumb/v7e-m+fp/hard\libnosys.a
END GROUP
LOAD c:/st/stm32cubeide_1.7.0/stm32cubeide/plugins/com.st.stm32cube.ide.mcu.externaltools.gnu-tools-for-stm32.9-2020-q2-update.win32_2.0.0.202105311346/tools/bin/../lib/gcc/arm-none-eabi/9.3.1/thumb/v7e-m+fp/hard/crtend.o
LOAD c:/st/stm32cubeide_1.7.0/stm32cubeide/plugins/com.st.stm32cube.ide.mcu.externaltools.gnu-tools-for-stm32.9-2020-q2-update.win32_2.0.0.202105311346/tools/bin/../lib/gcc/arm-none-eabi/9.3.1/thumb/v7e-m+fp/hard/crtn.o
                0x0000000020003000                _estack = 0x20003000
                0x0000000000000200                _Min_Heap_Size = 0x200
                0x0000000000000400                _Min_Stack_Size = 0x400

.isr_vector     0x0000000008000000      0x188
                0x0000000008000000                . = ALIGN (0x4)
 *(.isr_vector)
 .isr_vector    0x0000000008000000      0x188 ./Startup/startup_stm32f303k8tx.o
                0x0000000008000000                g_pfnVectors
                0x0000000008000188                . = ALIGN (0x4)

.text           0x0000000008000188     0x23bc
                0x0000000008000188                . = ALIGN (0x4)
 *(.text)
 .text          0x0000000008000188       0x40 c:/st/stm32cubeide_1.7.0/stm32cubeide/plugins/com.st.stm32cube.ide.mcu.externaltools.gnu-tools-for-stm32.9-2020-q2-update.win32_2.0.0.202105311346/tools/bin/../lib/gcc/arm-none-eabi/9.3.1/thumb/v7e-m+fp/hard/crtbegin.o
 *(.text*)
 .text.LL_GPIO_SetPinMode
                0x00000000080001c8       0x5a ./Drivers/STM32F3xx_HAL_Driver/Src/stm32f3xx_ll_gpio.o
 .text.LL_GPIO_SetPinOutputType
                0x0000000008000222       0x30 ./Drivers/STM32F3xx_HAL_Driver/Src/stm32f3xx_ll_gpio.o
 .text.LL_GPIO_SetPinSpeed
                0x0000000008000252       0x5a ./Drivers/STM32F3xx_HAL_Driver/Src/stm32f3xx_ll_gpio.o
 .text.LL_GPIO_SetPinPull
                0x00000000080002ac       0x5a ./Drivers/STM32F3xx_HAL_Driver/Src/stm32f3xx_ll_gpio.o
 .text.LL_GPIO_SetAFPin_0_7
                0x0000000008000306       0x5a ./Drivers/STM32F3xx_HAL_Driver/Src/stm32f3xx_ll_gpio.o
 .text.LL_GPIO_SetAFPin_8_15
                0x0000000008000360       0x5e ./Drivers/STM32F3xx_HAL_Driver/Src/stm32f3xx_ll_gpio.o
 .text.LL_GPIO_Init
                0x00000000080003be       0xf4 ./Drivers/STM32F3xx_HAL_Driver/Src/stm32f3xx_ll_gpio.o
                0x00000000080003be                LL_GPIO_Init
 .text.LL_I2C_Enable
                0x00000000080004b2       0x20 ./Drivers/STM32F3xx_HAL_Driver/Src/stm32f3xx_ll_i2c.o
 .text.LL_I2C_Disable
                0x00000000080004d2       0x20 ./Drivers/STM32F3xx_HAL_Driver/Src/stm32f3xx_ll_i2c.o
 .text.LL_I2C_ConfigFilters
                0x00000000080004f2       0x2e ./Drivers/STM32F3xx_HAL_Driver/Src/stm32f3xx_ll_i2c.o
 .text.LL_I2C_SetOwnAddress1
                0x0000000008000520       0x30 ./Drivers/STM32F3xx_HAL_Driver/Src/stm32f3xx_ll_i2c.o
 .text.LL_I2C_EnableOwnAddress1
                0x0000000008000550       0x20 ./Drivers/STM32F3xx_HAL_Driver/Src/stm32f3xx_ll_i2c.o
 .text.LL_I2C_DisableOwnAddress1
                0x0000000008000570       0x20 ./Drivers/STM32F3xx_HAL_Driver/Src/stm32f3xx_ll_i2c.o
 .text.LL_I2C_SetTiming
                0x0000000008000590       0x1c ./Drivers/STM32F3xx_HAL_Driver/Src/stm32f3xx_ll_i2c.o
 .text.LL_I2C_SetMode
                0x00000000080005ac       0x26 ./Drivers/STM32F3xx_HAL_Driver/Src/stm32f3xx_ll_i2c.o
 .text.LL_I2C_AcknowledgeNextData
                0x00000000080005d2       0x26 ./Drivers/STM32F3xx_HAL_Driver/Src/stm32f3xx_ll_i2c.o
 .text.LL_I2C_Init
                0x00000000080005f8       0x78 ./Drivers/STM32F3xx_HAL_Driver/Src/stm32f3xx_ll_i2c.o
                0x00000000080005f8                LL_I2C_Init
 .text.LL_InitTick
                0x0000000008000670       0x34 ./Drivers/STM32F3xx_HAL_Driver/Src/stm32f3xx_ll_utils.o
 .text.LL_Init1msTick
                0x00000000080006a4       0x1a ./Drivers/STM32F3xx_HAL_Driver/Src/stm32f3xx_ll_utils.o
                0x00000000080006a4                LL_Init1msTick
 *fill*         0x00000000080006be        0x2 
 .text.LL_mDelay
                0x00000000080006c0       0x4c ./Drivers/STM32F3xx_HAL_Driver/Src/stm32f3xx_ll_utils.o
                0x00000000080006c0                LL_mDelay
 .text.LL_SetSystemCoreClock
                0x000000000800070c       0x20 ./Drivers/STM32F3xx_HAL_Driver/Src/stm32f3xx_ll_utils.o
                0x000000000800070c                LL_SetSystemCoreClock
 .text.LL_GPIO_SetOutputPin
                0x000000000800072c       0x1c ./Src/display.o
 .text.LL_GPIO_ResetOutputPin
                0x0000000008000748       0x1c ./Src/display.o
 .text.LL_TIM_ClearFlag_UPDATE
                0x0000000008000764       0x1c ./Src/display.o
 .text.LL_TIM_IsActiveFlag_UPDATE
                0x0000000008000780       0x26 ./Src/display.o
 *fill*         0x00000000080007a6        0x2 
 .text.resetSegments
                0x00000000080007a8       0x58 ./Src/display.o
                0x00000000080007a8                resetSegments
 .text.setSegments
                0x0000000008000800       0x58 ./Src/display.o
                0x0000000008000800                setSegments
 .text.resetDigits
                0x0000000008000858       0x3a ./Src/display.o
                0x0000000008000858                resetDigits
 *fill*         0x0000000008000892        0x2 
 .text.setDigits
                0x0000000008000894       0x40 ./Src/display.o
                0x0000000008000894                setDigits
 .text.setDecimalPoint
                0x00000000080008d4       0x14 ./Src/display.o
                0x00000000080008d4                setDecimalPoint
 .text.setOne   0x00000000080008e8       0x1e ./Src/display.o
                0x00000000080008e8                setOne
 *fill*         0x0000000008000906        0x2 
 .text.setTwo   0x0000000008000908       0x3c ./Src/display.o
                0x0000000008000908                setTwo
 .text.setThree
                0x0000000008000944       0x3c ./Src/display.o
                0x0000000008000944                setThree
 .text.setFour  0x0000000008000980       0x34 ./Src/display.o
                0x0000000008000980                setFour
 .text.setFive  0x00000000080009b4       0x3c ./Src/display.o
                0x00000000080009b4                setFive
 .text.setSix   0x00000000080009f0       0x48 ./Src/display.o
                0x00000000080009f0                setSix
 .text.setSeven
                0x0000000008000a38       0x28 ./Src/display.o
                0x0000000008000a38                setSeven
 .text.setEight
                0x0000000008000a60       0x54 ./Src/display.o
                0x0000000008000a60                setEight
 .text.setNine  0x0000000008000ab4       0x40 ./Src/display.o
                0x0000000008000ab4                setNine
 .text.setZero  0x0000000008000af4       0x4c ./Src/display.o
                0x0000000008000af4                setZero
 .text.setA     0x0000000008000b40       0x4c ./Src/display.o
                0x0000000008000b40                setA
 .text.seta     0x0000000008000b8c       0x48 ./Src/display.o
                0x0000000008000b8c                seta
 .text.setb     0x0000000008000bd4       0x40 ./Src/display.o
                0x0000000008000bd4                setb
 .text.setC     0x0000000008000c14       0x34 ./Src/display.o
                0x0000000008000c14                setC
 .text.setc     0x0000000008000c48       0x28 ./Src/display.o
                0x0000000008000c48                setc
 .text.setd     0x0000000008000c70       0x40 ./Src/display.o
                0x0000000008000c70                setd
 .text.setE     0x0000000008000cb0       0x3c ./Src/display.o
                0x0000000008000cb0                setE
 .text.setF     0x0000000008000cec       0x34 ./Src/display.o
                0x0000000008000cec                setF
 .text.setG     0x0000000008000d20       0x40 ./Src/display.o
                0x0000000008000d20                setG
 .text.setH     0x0000000008000d60       0x40 ./Src/display.o
                0x0000000008000d60                setH
 .text.seth     0x0000000008000da0       0x38 ./Src/display.o
                0x0000000008000da0                seth
 .text.setI     0x0000000008000dd8       0x1e ./Src/display.o
                0x0000000008000dd8                setI
 *fill*         0x0000000008000df6        0x2 
 .text.setJ     0x0000000008000df8       0x38 ./Src/display.o
                0x0000000008000df8                setJ
 .text.setL     0x0000000008000e30       0x2c ./Src/display.o
                0x0000000008000e30                setL
 .text.setn     0x0000000008000e5c       0x2c ./Src/display.o
                0x0000000008000e5c                setn
 .text.setO     0x0000000008000e88       0x4c ./Src/display.o
                0x0000000008000e88                setO
 .text.seto     0x0000000008000ed4       0x34 ./Src/display.o
                0x0000000008000ed4                seto
 .text.setP     0x0000000008000f08       0x40 ./Src/display.o
                0x0000000008000f08                setP
 .text.setq     0x0000000008000f48       0x40 ./Src/display.o
                0x0000000008000f48                setq
 .text.setr     0x0000000008000f88       0x20 ./Src/display.o
                0x0000000008000f88                setr
 .text.setS     0x0000000008000fa8       0x3c ./Src/display.o
                0x0000000008000fa8                setS
 .text.sett     0x0000000008000fe4       0x34 ./Src/display.o
                0x0000000008000fe4                sett
 .text.setU     0x0000000008001018       0x40 ./Src/display.o
                0x0000000008001018                setU
 .text.setu     0x0000000008001058       0x2c ./Src/display.o
                0x0000000008001058                setu
 .text.sety     0x0000000008001084       0x3c ./Src/display.o
                0x0000000008001084                sety
 .text.setK     0x00000000080010c0       0x40 ./Src/display.o
                0x00000000080010c0                setK
 .text.setM     0x0000000008001100       0x34 ./Src/display.o
                0x0000000008001100                setM
 .text.setV     0x0000000008001134       0x28 ./Src/display.o
                0x0000000008001134                setV
 .text.setW     0x000000000800115c       0x48 ./Src/display.o
                0x000000000800115c                setW
 .text.setX     0x00000000080011a4       0x28 ./Src/display.o
                0x00000000080011a4                setX
 .text.setZ     0x00000000080011cc       0x3c ./Src/display.o
                0x00000000080011cc                setZ
 .text.set_     0x0000000008001208       0x14 ./Src/display.o
                0x0000000008001208                set_
 .text.setDigit
                0x000000000800121c       0x64 ./Src/display.o
                0x000000000800121c                setDigit
 .text.updateDisplay
                0x0000000008001280      0x524 ./Src/display.o
                0x0000000008001280                updateDisplay
 .text.TIM2_IRQHandler
                0x00000000080017a4       0x28 ./Src/display.o
                0x00000000080017a4                TIM2_IRQHandler
 .text.LL_AHB1_GRP1_EnableClock
                0x00000000080017cc       0x30 ./Src/gpio.o
 .text.MX_GPIO_Init
                0x00000000080017fc       0x10 ./Src/gpio.o
                0x00000000080017fc                MX_GPIO_Init
 .text.NVIC_GetPriorityGrouping
                0x000000000800180c       0x1c ./Src/i2c.o
 .text.NVIC_EnableIRQ
                0x0000000008001828       0x34 ./Src/i2c.o
 .text.NVIC_SetPriority
                0x000000000800185c       0x54 ./Src/i2c.o
 .text.NVIC_EncodePriority
                0x00000000080018b0       0x66 ./Src/i2c.o
 .text.LL_I2C_Enable
                0x0000000008001916       0x20 ./Src/i2c.o
 .text.LL_I2C_EnableClockStretching
                0x0000000008001936       0x20 ./Src/i2c.o
 .text.LL_I2C_DisableGeneralCall
                0x0000000008001956       0x20 ./Src/i2c.o
 .text.LL_I2C_SetOwnAddress2
                0x0000000008001976       0x30 ./Src/i2c.o
 .text.LL_I2C_DisableOwnAddress2
                0x00000000080019a6       0x20 ./Src/i2c.o
 .text.LL_I2C_EnableIT_RX
                0x00000000080019c6       0x20 ./Src/i2c.o
 .text.LL_I2C_DisableIT_RX
                0x00000000080019e6       0x20 ./Src/i2c.o
 .text.LL_I2C_IsActiveFlag_TXIS
                0x0000000008001a06       0x26 ./Src/i2c.o
 .text.LL_I2C_IsActiveFlag_RXNE
                0x0000000008001a2c       0x26 ./Src/i2c.o
 .text.LL_I2C_IsActiveFlag_STOP
                0x0000000008001a52       0x26 ./Src/i2c.o
 .text.LL_I2C_ClearFlag_STOP
                0x0000000008001a78       0x20 ./Src/i2c.o
 .text.LL_I2C_EnableAutoEndMode
                0x0000000008001a98       0x20 ./Src/i2c.o
 .text.LL_I2C_HandleTransfer
                0x0000000008001ab8       0x4c ./Src/i2c.o
 .text.LL_I2C_ReceiveData8
                0x0000000008001b04       0x1a ./Src/i2c.o
 .text.LL_I2C_TransmitData8
                0x0000000008001b1e       0x1e ./Src/i2c.o
 .text.LL_AHB1_GRP1_EnableClock
                0x0000000008001b3c       0x30 ./Src/i2c.o
 .text.LL_APB1_GRP1_EnableClock
                0x0000000008001b6c       0x30 ./Src/i2c.o
 .text.MX_I2C1_Init
                0x0000000008001b9c       0xe0 ./Src/i2c.o
                0x0000000008001b9c                MX_I2C1_Init
 .text.i2c_master_write
                0x0000000008001c7c       0x88 ./Src/i2c.o
                0x0000000008001c7c                i2c_master_write
 .text.i2c_master_read
                0x0000000008001d04       0xf4 ./Src/i2c.o
                0x0000000008001d04                i2c_master_read
 .text.I2C1_EV_IRQHandler
                0x0000000008001df8       0x60 ./Src/i2c.o
                0x0000000008001df8                I2C1_EV_IRQHandler
 .text.NVIC_SetPriorityGrouping
                0x0000000008001e58       0x48 ./Src/main.o
 .text.LL_RCC_HSI_Enable
                0x0000000008001ea0       0x20 ./Src/main.o
 .text.LL_RCC_HSI_IsReady
                0x0000000008001ec0       0x24 ./Src/main.o
 .text.LL_RCC_HSI_SetCalibTrimming
                0x0000000008001ee4       0x2c ./Src/main.o
 .text.LL_RCC_SetSysClkSource
                0x0000000008001f10       0x28 ./Src/main.o
 .text.LL_RCC_GetSysClkSource
                0x0000000008001f38       0x1c ./Src/main.o
 .text.LL_RCC_SetAHBPrescaler
                0x0000000008001f54       0x28 ./Src/main.o
 .text.LL_RCC_SetAPB1Prescaler
                0x0000000008001f7c       0x28 ./Src/main.o
 .text.LL_RCC_SetAPB2Prescaler
                0x0000000008001fa4       0x28 ./Src/main.o
 .text.LL_RCC_SetI2CClockSource
                0x0000000008001fcc       0x30 ./Src/main.o
 .text.LL_APB1_GRP1_EnableClock
                0x0000000008001ffc       0x30 ./Src/main.o
 .text.LL_APB2_GRP1_EnableClock
                0x000000000800202c       0x30 ./Src/main.o
 .text.LL_FLASH_SetLatency
                0x000000000800205c       0x28 ./Src/main.o
 .text.LL_FLASH_GetLatency
                0x0000000008002084       0x1c ./Src/main.o
 .text.LL_SYSTICK_SetClkSource
                0x00000000080020a0       0x38 ./Src/main.o
 .text.main     0x00000000080020d8       0x60 ./Src/main.o
                0x00000000080020d8                main
 .text.SystemClock_Config
                0x0000000008002138       0x74 ./Src/main.o
                0x0000000008002138                SystemClock_Config
 .text.Error_Handler
                0x00000000080021ac        0xe ./Src/main.o
                0x00000000080021ac                Error_Handler
 .text.NMI_Handler
                0x00000000080021ba        0xe ./Src/stm32f3xx_it.o
                0x00000000080021ba                NMI_Handler
 .text.HardFault_Handler
                0x00000000080021c8        0x6 ./Src/stm32f3xx_it.o
                0x00000000080021c8                HardFault_Handler
 .text.MemManage_Handler
                0x00000000080021ce        0x6 ./Src/stm32f3xx_it.o
                0x00000000080021ce                MemManage_Handler
 .text.BusFault_Handler
                0x00000000080021d4        0x6 ./Src/stm32f3xx_it.o
                0x00000000080021d4                BusFault_Handler
 .text.UsageFault_Handler
                0x00000000080021da        0x6 ./Src/stm32f3xx_it.o
                0x00000000080021da                UsageFault_Handler
 .text.SVC_Handler
                0x00000000080021e0        0xe ./Src/stm32f3xx_it.o
                0x00000000080021e0                SVC_Handler
 .text.DebugMon_Handler
                0x00000000080021ee        0xe ./Src/stm32f3xx_it.o
                0x00000000080021ee                DebugMon_Handler
 .text.PendSV_Handler
                0x00000000080021fc        0xe ./Src/stm32f3xx_it.o
                0x00000000080021fc                PendSV_Handler
 *fill*         0x000000000800220a        0x2 
 .text.SysTick_Handler
                0x000000000800220c       0x24 ./Src/stm32f3xx_it.o
                0x000000000800220c                SysTick_Handler
 .text.SystemInit
                0x0000000008002230       0x94 ./Src/system_stm32f3xx.o
                0x0000000008002230                SystemInit
 .text.Reset_Handler
                0x00000000080022c4       0x50 ./Startup/startup_stm32f303k8tx.o
                0x00000000080022c4                Reset_Handler
 .text.Default_Handler
                0x0000000008002314        0x2 ./Startup/startup_stm32f303k8tx.o
                0x0000000008002314                RTC_Alarm_IRQHandler
                0x0000000008002314                TIM1_CC_IRQHandler
                0x0000000008002314                PVD_IRQHandler
                0x0000000008002314                TAMP_STAMP_IRQHandler
                0x0000000008002314                EXTI3_IRQHandler
                0x0000000008002314                EXTI0_IRQHandler
                0x0000000008002314                FPU_IRQHandler
                0x0000000008002314                CAN_TX_IRQHandler
                0x0000000008002314                TIM1_UP_TIM16_IRQHandler
                0x0000000008002314                ADC1_2_IRQHandler
                0x0000000008002314                SPI1_IRQHandler
                0x0000000008002314                CAN_SCE_IRQHandler
                0x0000000008002314                DMA1_Channel4_IRQHandler
                0x0000000008002314                USART3_IRQHandler
                0x0000000008002314                DMA1_Channel7_IRQHandler
                0x0000000008002314                TIM7_DAC2_IRQHandler
                0x0000000008002314                CAN_RX1_IRQHandler
                0x0000000008002314                DMA1_Channel6_IRQHandler
                0x0000000008002314                TIM3_IRQHandler
                0x0000000008002314                RCC_IRQHandler
                0x0000000008002314                DMA1_Channel1_IRQHandler
                0x0000000008002314                Default_Handler
                0x0000000008002314                EXTI15_10_IRQHandler
                0x0000000008002314                COMP2_IRQHandler
                0x0000000008002314                TIM6_DAC1_IRQHandler
                0x0000000008002314                EXTI9_5_IRQHandler
                0x0000000008002314                RTC_WKUP_IRQHandler
                0x0000000008002314                DMA1_Channel5_IRQHandler
                0x0000000008002314                EXTI4_IRQHandler
                0x0000000008002314                TIM1_TRG_COM_TIM17_IRQHandler
                0x0000000008002314                DMA1_Channel3_IRQHandler
                0x0000000008002314                WWDG_IRQHandler
                0x0000000008002314                EXTI1_IRQHandler
                0x0000000008002314                COMP4_6_IRQHandler
                0x0000000008002314                USART2_IRQHandler
                0x0000000008002314                DMA1_Channel2_IRQHandler
                0x0000000008002314                FLASH_IRQHandler
                0x0000000008002314                USART1_IRQHandler
                0x0000000008002314                CAN_RX0_IRQHandler
                0x0000000008002314                I2C1_ER_IRQHandler
                0x0000000008002314                EXTI2_TSC_IRQHandler
                0x0000000008002314                TIM1_BRK_TIM15_IRQHandler
 *fill*         0x0000000008002316        0x2 
 .text.lsm6ds0_read_byte
                0x0000000008002318       0x34 ./accelerometer/lsm6ds0.o
                0x0000000008002318                lsm6ds0_read_byte
 .text.lsm6ds0_write_byte
                0x000000000800234c       0x2c ./accelerometer/lsm6ds0.o
                0x000000000800234c                lsm6ds0_write_byte
 .text.lsm6ds0_readArray
                0x0000000008002378       0x30 ./accelerometer/lsm6ds0.o
                0x0000000008002378                lsm6ds0_readArray
 .text.lsm6ds0_get_acc
                0x00000000080023a8       0xc4 ./accelerometer/lsm6ds0.o
                0x00000000080023a8                lsm6ds0_get_acc
 .text.lsm6ds0_init
                0x000000000800246c       0x78 ./accelerometer/lsm6ds0.o
                0x000000000800246c                lsm6ds0_init
 .text.__libc_init_array
                0x00000000080024e4       0x48 c:/st/stm32cubeide_1.7.0/stm32cubeide/plugins/com.st.stm32cube.ide.mcu.externaltools.gnu-tools-for-stm32.9-2020-q2-update.win32_2.0.0.202105311346/tools/bin/../lib/gcc/arm-none-eabi/9.3.1/../../../../arm-none-eabi/lib/thumb/v7e-m+fp/hard\libc_nano.a(lib_a-init.o)
                0x00000000080024e4                __libc_init_array
 *(.glue_7)
 .glue_7        0x000000000800252c        0x0 linker stubs
 *(.glue_7t)
 .glue_7t       0x000000000800252c        0x0 linker stubs
 *(.eh_frame)
 .eh_frame      0x000000000800252c        0x0 c:/st/stm32cubeide_1.7.0/stm32cubeide/plugins/com.st.stm32cube.ide.mcu.externaltools.gnu-tools-for-stm32.9-2020-q2-update.win32_2.0.0.202105311346/tools/bin/../lib/gcc/arm-none-eabi/9.3.1/thumb/v7e-m+fp/hard/crtbegin.o
 *(.init)
 .init          0x000000000800252c        0x4 c:/st/stm32cubeide_1.7.0/stm32cubeide/plugins/com.st.stm32cube.ide.mcu.externaltools.gnu-tools-for-stm32.9-2020-q2-update.win32_2.0.0.202105311346/tools/bin/../lib/gcc/arm-none-eabi/9.3.1/thumb/v7e-m+fp/hard/crti.o
                0x000000000800252c                _init
 .init          0x0000000008002530        0x8 c:/st/stm32cubeide_1.7.0/stm32cubeide/plugins/com.st.stm32cube.ide.mcu.externaltools.gnu-tools-for-stm32.9-2020-q2-update.win32_2.0.0.202105311346/tools/bin/../lib/gcc/arm-none-eabi/9.3.1/thumb/v7e-m+fp/hard/crtn.o
 *(.fini)
 .fini          0x0000000008002538        0x4 c:/st/stm32cubeide_1.7.0/stm32cubeide/plugins/com.st.stm32cube.ide.mcu.externaltools.gnu-tools-for-stm32.9-2020-q2-update.win32_2.0.0.202105311346/tools/bin/../lib/gcc/arm-none-eabi/9.3.1/thumb/v7e-m+fp/hard/crti.o
                0x0000000008002538                _fini
 .fini          0x000000000800253c        0x8 c:/st/stm32cubeide_1.7.0/stm32cubeide/plugins/com.st.stm32cube.ide.mcu.externaltools.gnu-tools-for-stm32.9-2020-q2-update.win32_2.0.0.202105311346/tools/bin/../lib/gcc/arm-none-eabi/9.3.1/thumb/v7e-m+fp/hard/crtn.o
                0x0000000008002544                . = ALIGN (0x4)
                0x0000000008002544                _etext = .

.vfp11_veneer   0x0000000008002544        0x0
 .vfp11_veneer  0x0000000008002544        0x0 linker stubs

.v4_bx          0x0000000008002544        0x0
 .v4_bx         0x0000000008002544        0x0 linker stubs

.iplt           0x0000000008002544        0x0
 .iplt          0x0000000008002544        0x0 c:/st/stm32cubeide_1.7.0/stm32cubeide/plugins/com.st.stm32cube.ide.mcu.externaltools.gnu-tools-for-stm32.9-2020-q2-update.win32_2.0.0.202105311346/tools/bin/../lib/gcc/arm-none-eabi/9.3.1/thumb/v7e-m+fp/hard/crtbegin.o

.rel.dyn        0x0000000008002544        0x0
 .rel.iplt      0x0000000008002544        0x0 c:/st/stm32cubeide_1.7.0/stm32cubeide/plugins/com.st.stm32cube.ide.mcu.externaltools.gnu-tools-for-stm32.9-2020-q2-update.win32_2.0.0.202105311346/tools/bin/../lib/gcc/arm-none-eabi/9.3.1/thumb/v7e-m+fp/hard/crtbegin.o

.rodata         0x0000000008002544        0x0
                0x0000000008002544                . = ALIGN (0x4)
 *(.rodata)
 *(.rodata*)
                0x0000000008002544                . = ALIGN (0x4)

.ARM.extab      0x0000000008002544        0x0
                0x0000000008002544                . = ALIGN (0x4)
 *(.ARM.extab* .gnu.linkonce.armextab.*)
                0x0000000008002544                . = ALIGN (0x4)

.ARM            0x0000000008002544        0x0
                0x0000000008002544                . = ALIGN (0x4)
                0x0000000008002544                __exidx_start = .
 *(.ARM.exidx*)
                0x0000000008002544                __exidx_end = .
                0x0000000008002544                . = ALIGN (0x4)

.preinit_array  0x0000000008002544        0x0
                0x0000000008002544                . = ALIGN (0x4)
                0x0000000008002544                PROVIDE (__preinit_array_start = .)
 *(.preinit_array*)
                0x0000000008002544                PROVIDE (__preinit_array_end = .)
                0x0000000008002544                . = ALIGN (0x4)

.init_array     0x0000000008002544        0x4
                0x0000000008002544                . = ALIGN (0x4)
                0x0000000008002544                PROVIDE (__init_array_start = .)
 *(SORT_BY_NAME(.init_array.*))
 *(.init_array*)
 .init_array    0x0000000008002544        0x4 c:/st/stm32cubeide_1.7.0/stm32cubeide/plugins/com.st.stm32cube.ide.mcu.externaltools.gnu-tools-for-stm32.9-2020-q2-update.win32_2.0.0.202105311346/tools/bin/../lib/gcc/arm-none-eabi/9.3.1/thumb/v7e-m+fp/hard/crtbegin.o
                0x0000000008002548                PROVIDE (__init_array_end = .)
                0x0000000008002548                . = ALIGN (0x4)

.fini_array     0x0000000008002548        0x4
                0x0000000008002548                . = ALIGN (0x4)
                [!provide]                        PROVIDE (__fini_array_start = .)
 *(SORT_BY_NAME(.fini_array.*))
 *(.fini_array*)
 .fini_array    0x0000000008002548        0x4 c:/st/stm32cubeide_1.7.0/stm32cubeide/plugins/com.st.stm32cube.ide.mcu.externaltools.gnu-tools-for-stm32.9-2020-q2-update.win32_2.0.0.202105311346/tools/bin/../lib/gcc/arm-none-eabi/9.3.1/thumb/v7e-m+fp/hard/crtbegin.o
                [!provide]                        PROVIDE (__fini_array_end = .)
                0x000000000800254c                . = ALIGN (0x4)
                0x000000000800254c                _sidata = LOADADDR (.data)

.data           0x0000000020000000        0x8 load address 0x000000000800254c
                0x0000000020000000                . = ALIGN (0x4)
                0x0000000020000000                _sdata = .
 *(.data)
 *(.data*)
 .data.SystemCoreClock
                0x0000000020000000        0x4 ./Src/system_stm32f3xx.o
                0x0000000020000000                SystemCoreClock
 .data.addres   0x0000000020000004        0x1 ./accelerometer/lsm6ds0.o
                0x0000000020000004                addres
                0x0000000020000008                . = ALIGN (0x4)
 *fill*         0x0000000020000005        0x3 
                0x0000000020000008                _edata = .

.igot.plt       0x0000000020000008        0x0 load address 0x0000000008002554
 .igot.plt      0x0000000020000008        0x0 c:/st/stm32cubeide_1.7.0/stm32cubeide/plugins/com.st.stm32cube.ide.mcu.externaltools.gnu-tools-for-stm32.9-2020-q2-update.win32_2.0.0.202105311346/tools/bin/../lib/gcc/arm-none-eabi/9.3.1/thumb/v7e-m+fp/hard/crtbegin.o
                0x0000000020000008                . = ALIGN (0x4)

.bss            0x0000000020000008       0x6c load address 0x0000000008002554
                0x0000000020000008                _sbss = .
                0x0000000020000008                __bss_start__ = _sbss
 *(.bss)
 .bss           0x0000000020000008       0x1c c:/st/stm32cubeide_1.7.0/stm32cubeide/plugins/com.st.stm32cube.ide.mcu.externaltools.gnu-tools-for-stm32.9-2020-q2-update.win32_2.0.0.202105311346/tools/bin/../lib/gcc/arm-none-eabi/9.3.1/thumb/v7e-m+fp/hard/crtbegin.o
 *(.bss*)
 .bss.dDisplayData
                0x0000000020000024        0x7 ./Src/display.o
                0x0000000020000024                dDisplayData
 *fill*         0x000000002000002b        0x5 
 .bss.disp_time
                0x0000000020000030        0x8 ./Src/display.o
                0x0000000020000030                disp_time
 .bss.disp_time_saved
                0x0000000020000038        0x8 ./Src/display.o
                0x0000000020000038                disp_time_saved
 .bss.end_of_read_flag
                0x0000000020000040        0x1 ./Src/i2c.o
                0x0000000020000040                end_of_read_flag
 .bss.ubReceiveIndex
                0x0000000020000041        0x1 ./Src/i2c.o
                0x0000000020000041                ubReceiveIndex
 *(COMMON)
 *fill*         0x0000000020000042        0x2 
 COMMON         0x0000000020000044        0x4 ./Src/display.o
                0x0000000020000044                pole
 COMMON         0x0000000020000048        0x4 ./Src/i2c.o
                0x0000000020000048                aReceiveBuffer_read
 *fill*         0x000000002000004c        0x4 
 COMMON         0x0000000020000050       0x24 ./Src/main.o
                0x0000000020000050                acc
                0x0000000020000060                saved_time
                0x0000000020000068                mag
                0x0000000020000074                . = ALIGN (0x4)
                0x0000000020000074                _ebss = .
                0x0000000020000074                __bss_end__ = _ebss

._user_heap_stack
                0x0000000020000074      0x604 load address 0x0000000008002554
                0x0000000020000078                . = ALIGN (0x8)
 *fill*         0x0000000020000074        0x4 
                0x0000000020000078                PROVIDE (end = .)
                [!provide]                        PROVIDE (_end = .)
                0x0000000020000278                . = (. + _Min_Heap_Size)
 *fill*         0x0000000020000078      0x200 
                0x0000000020000678                . = (. + _Min_Stack_Size)
 *fill*         0x0000000020000278      0x400 
                0x0000000020000678                . = ALIGN (0x8)

/DISCARD/
 libc.a(*)
 libm.a(*)
 libgcc.a(*)

.ARM.attributes
                0x0000000000000000       0x30
 *(.ARM.attributes)
 .ARM.attributes
                0x0000000000000000       0x1e c:/st/stm32cubeide_1.7.0/stm32cubeide/plugins/com.st.stm32cube.ide.mcu.externaltools.gnu-tools-for-stm32.9-2020-q2-update.win32_2.0.0.202105311346/tools/bin/../lib/gcc/arm-none-eabi/9.3.1/thumb/v7e-m+fp/hard/crti.o
 .ARM.attributes
                0x000000000000001e       0x34 c:/st/stm32cubeide_1.7.0/stm32cubeide/plugins/com.st.stm32cube.ide.mcu.externaltools.gnu-tools-for-stm32.9-2020-q2-update.win32_2.0.0.202105311346/tools/bin/../lib/gcc/arm-none-eabi/9.3.1/thumb/v7e-m+fp/hard/crtbegin.o
 .ARM.attributes
                0x0000000000000052       0x34 ./Drivers/STM32F3xx_HAL_Driver/Src/stm32f3xx_ll_gpio.o
 .ARM.attributes
                0x0000000000000086       0x34 ./Drivers/STM32F3xx_HAL_Driver/Src/stm32f3xx_ll_i2c.o
 .ARM.attributes
                0x00000000000000ba       0x34 ./Drivers/STM32F3xx_HAL_Driver/Src/stm32f3xx_ll_utils.o
 .ARM.attributes
                0x00000000000000ee       0x34 ./Src/display.o
 .ARM.attributes
                0x0000000000000122       0x34 ./Src/gpio.o
 .ARM.attributes
                0x0000000000000156       0x34 ./Src/i2c.o
 .ARM.attributes
                0x000000000000018a       0x34 ./Src/main.o
 .ARM.attributes
                0x00000000000001be       0x34 ./Src/stm32f3xx_it.o
 .ARM.attributes
                0x00000000000001f2       0x34 ./Src/system_stm32f3xx.o
 .ARM.attributes
                0x0000000000000226       0x21 ./Startup/startup_stm32f303k8tx.o
 .ARM.attributes
                0x0000000000000247       0x34 ./accelerometer/lsm6ds0.o
 .ARM.attributes
                0x000000000000027b       0x34 c:/st/stm32cubeide_1.7.0/stm32cubeide/plugins/com.st.stm32cube.ide.mcu.externaltools.gnu-tools-for-stm32.9-2020-q2-update.win32_2.0.0.202105311346/tools/bin/../lib/gcc/arm-none-eabi/9.3.1/../../../../arm-none-eabi/lib/thumb/v7e-m+fp/hard\libc_nano.a(lib_a-init.o)
 .ARM.attributes
                0x00000000000002af       0x1e c:/st/stm32cubeide_1.7.0/stm32cubeide/plugins/com.st.stm32cube.ide.mcu.externaltools.gnu-tools-for-stm32.9-2020-q2-update.win32_2.0.0.202105311346/tools/bin/../lib/gcc/arm-none-eabi/9.3.1/thumb/v7e-m+fp/hard/crtn.o
OUTPUT(i2c_comm.elf elf32-littlearm)
LOAD linker stubs
LOAD c:/st/stm32cubeide_1.7.0/stm32cubeide/plugins/com.st.stm32cube.ide.mcu.externaltools.gnu-tools-for-stm32.9-2020-q2-update.win32_2.0.0.202105311346/tools/bin/../lib/gcc/arm-none-eabi/9.3.1/../../../../arm-none-eabi/lib/thumb/v7e-m+fp/hard\libc.a
LOAD c:/st/stm32cubeide_1.7.0/stm32cubeide/plugins/com.st.stm32cube.ide.mcu.externaltools.gnu-tools-for-stm32.9-2020-q2-update.win32_2.0.0.202105311346/tools/bin/../lib/gcc/arm-none-eabi/9.3.1/../../../../arm-none-eabi/lib/thumb/v7e-m+fp/hard\libm.a
LOAD c:/st/stm32cubeide_1.7.0/stm32cubeide/plugins/com.st.stm32cube.ide.mcu.externaltools.gnu-tools-for-stm32.9-2020-q2-update.win32_2.0.0.202105311346/tools/bin/../lib/gcc/arm-none-eabi/9.3.1/thumb/v7e-m+fp/hard\libgcc.a

.debug_info     0x0000000000000000     0x4cf1
 .debug_info    0x0000000000000000      0x7ce ./Drivers/STM32F3xx_HAL_Driver/Src/stm32f3xx_ll_gpio.o
 .debug_info    0x00000000000007ce      0x601 ./Drivers/STM32F3xx_HAL_Driver/Src/stm32f3xx_ll_i2c.o
 .debug_info    0x0000000000000dcf      0x87b ./Drivers/STM32F3xx_HAL_Driver/Src/stm32f3xx_ll_utils.o
 .debug_info    0x000000000000164a     0x1202 ./Src/display.o
 .debug_info    0x000000000000284c      0x2cb ./Src/gpio.o
 .debug_info    0x0000000000002b17      0xe92 ./Src/i2c.o
 .debug_info    0x00000000000039a9      0x88e ./Src/main.o
 .debug_info    0x0000000000004237      0x279 ./Src/stm32f3xx_it.o
 .debug_info    0x00000000000044b0      0x439 ./Src/system_stm32f3xx.o
 .debug_info    0x00000000000048e9       0x22 ./Startup/startup_stm32f303k8tx.o
 .debug_info    0x000000000000490b      0x3e6 ./accelerometer/lsm6ds0.o

.debug_abbrev   0x0000000000000000     0x11b9
 .debug_abbrev  0x0000000000000000      0x23b ./Drivers/STM32F3xx_HAL_Driver/Src/stm32f3xx_ll_gpio.o
 .debug_abbrev  0x000000000000023b      0x1a6 ./Drivers/STM32F3xx_HAL_Driver/Src/stm32f3xx_ll_i2c.o
 .debug_abbrev  0x00000000000003e1      0x293 ./Drivers/STM32F3xx_HAL_Driver/Src/stm32f3xx_ll_utils.o
 .debug_abbrev  0x0000000000000674      0x28e ./Src/display.o
 .debug_abbrev  0x0000000000000902      0x127 ./Src/gpio.o
 .debug_abbrev  0x0000000000000a29      0x256 ./Src/i2c.o
 .debug_abbrev  0x0000000000000c7f      0x1fe ./Src/main.o
 .debug_abbrev  0x0000000000000e7d       0xad ./Src/stm32f3xx_it.o
 .debug_abbrev  0x0000000000000f2a      0x129 ./Src/system_stm32f3xx.o
 .debug_abbrev  0x0000000000001053       0x12 ./Startup/startup_stm32f303k8tx.o
 .debug_abbrev  0x0000000000001065      0x154 ./accelerometer/lsm6ds0.o

.debug_aranges  0x0000000000000000      0x658
 .debug_aranges
                0x0000000000000000       0x70 ./Drivers/STM32F3xx_HAL_Driver/Src/stm32f3xx_ll_gpio.o
 .debug_aranges
                0x0000000000000070       0x88 ./Drivers/STM32F3xx_HAL_Driver/Src/stm32f3xx_ll_i2c.o
 .debug_aranges
                0x00000000000000f8       0xf0 ./Drivers/STM32F3xx_HAL_Driver/Src/stm32f3xx_ll_utils.o
 .debug_aranges
                0x00000000000001e8      0x1c8 ./Src/display.o
 .debug_aranges
                0x00000000000003b0       0x28 ./Src/gpio.o
 .debug_aranges
                0x00000000000003d8       0xe0 ./Src/i2c.o
 .debug_aranges
                0x00000000000004b8       0xa8 ./Src/main.o
 .debug_aranges
                0x0000000000000560       0x60 ./Src/stm32f3xx_it.o
 .debug_aranges
                0x00000000000005c0       0x28 ./Src/system_stm32f3xx.o
 .debug_aranges
                0x00000000000005e8       0x28 ./Startup/startup_stm32f303k8tx.o
 .debug_aranges
                0x0000000000000610       0x48 ./accelerometer/lsm6ds0.o

.debug_ranges   0x0000000000000000      0x5b0
 .debug_ranges  0x0000000000000000       0x60 ./Drivers/STM32F3xx_HAL_Driver/Src/stm32f3xx_ll_gpio.o
 .debug_ranges  0x0000000000000060       0x78 ./Drivers/STM32F3xx_HAL_Driver/Src/stm32f3xx_ll_i2c.o
 .debug_ranges  0x00000000000000d8       0xe0 ./Drivers/STM32F3xx_HAL_Driver/Src/stm32f3xx_ll_utils.o
 .debug_ranges  0x00000000000001b8      0x1b8 ./Src/display.o
 .debug_ranges  0x0000000000000370       0x18 ./Src/gpio.o
 .debug_ranges  0x0000000000000388       0xd0 ./Src/i2c.o
 .debug_ranges  0x0000000000000458       0x98 ./Src/main.o
 .debug_ranges  0x00000000000004f0       0x50 ./Src/stm32f3xx_it.o
 .debug_ranges  0x0000000000000540       0x18 ./Src/system_stm32f3xx.o
 .debug_ranges  0x0000000000000558       0x20 ./Startup/startup_stm32f303k8tx.o
 .debug_ranges  0x0000000000000578       0x38 ./accelerometer/lsm6ds0.o

.debug_macro    0x0000000000000000     0x39a4
 .debug_macro   0x0000000000000000      0x10c ./Drivers/STM32F3xx_HAL_Driver/Src/stm32f3xx_ll_gpio.o
 .debug_macro   0x000000000000010c      0x149 ./Drivers/STM32F3xx_HAL_Driver/Src/stm32f3xx_ll_gpio.o
 .debug_macro   0x0000000000000255      0x10c ./Drivers/STM32F3xx_HAL_Driver/Src/stm32f3xx_ll_i2c.o
 .debug_macro   0x0000000000000361      0x249 ./Drivers/STM32F3xx_HAL_Driver/Src/stm32f3xx_ll_i2c.o
 .debug_macro   0x00000000000005aa      0x14a ./Drivers/STM32F3xx_HAL_Driver/Src/stm32f3xx_ll_utils.o
 .debug_macro   0x00000000000006f4       0x30 ./Drivers/STM32F3xx_HAL_Driver/Src/stm32f3xx_ll_utils.o
 .debug_macro   0x0000000000000724      0x2a5 ./Drivers/STM32F3xx_HAL_Driver/Src/stm32f3xx_ll_utils.o
 .debug_macro   0x00000000000009c9       0xaf ./Drivers/STM32F3xx_HAL_Driver/Src/stm32f3xx_ll_utils.o
 .debug_macro   0x0000000000000a78      0x2d9 ./Src/display.o
 .debug_macro   0x0000000000000d51      0x24f ./Src/display.o
 .debug_macro   0x0000000000000fa0      0x4bb ./Src/display.o
 .debug_macro   0x000000000000145b      0x102 ./Src/display.o
 .debug_macro   0x000000000000155d       0x28 ./Src/display.o
 .debug_macro   0x0000000000001585      0x287 ./Src/display.o
 .debug_macro   0x000000000000180c      0x14f ./Src/display.o
 .debug_macro   0x000000000000195b      0x806 ./Src/display.o
 .debug_macro   0x0000000000002161       0x22 ./Src/display.o
 .debug_macro   0x0000000000002183       0x52 ./Src/display.o
 .debug_macro   0x00000000000021d5       0x18 ./Src/display.o
 .debug_macro   0x00000000000021ed       0x3c ./Src/display.o
 .debug_macro   0x0000000000002229       0x34 ./Src/display.o
 .debug_macro   0x000000000000225d       0x16 ./Src/display.o
 .debug_macro   0x0000000000002273       0x97 ./Src/display.o
 .debug_macro   0x000000000000230a      0x339 ./Src/display.o
 .debug_macro   0x0000000000002643       0xfd ./Src/display.o
 .debug_macro   0x0000000000002740       0x10 ./Src/display.o
 .debug_macro   0x0000000000002750       0x16 ./Src/display.o
 .debug_macro   0x0000000000002766       0x43 ./Src/display.o
 .debug_macro   0x00000000000027a9       0x34 ./Src/display.o
 .debug_macro   0x00000000000027dd       0x10 ./Src/display.o
 .debug_macro   0x00000000000027ed       0x58 ./Src/display.o
 .debug_macro   0x0000000000002845       0x71 ./Src/display.o
 .debug_macro   0x00000000000028b6       0x1c ./Src/display.o
 .debug_macro   0x00000000000028d2      0x12a ./Src/display.o
 .debug_macro   0x00000000000029fc       0x10 ./Src/display.o
 .debug_macro   0x0000000000002a0c       0x1c ./Src/display.o
 .debug_macro   0x0000000000002a28       0x52 ./Src/display.o
 .debug_macro   0x0000000000002a7a       0x22 ./Src/display.o
 .debug_macro   0x0000000000002a9c       0x10 ./Src/display.o
 .debug_macro   0x0000000000002aac       0x40 ./Src/display.o
 .debug_macro   0x0000000000002aec       0xd5 ./Src/display.o
 .debug_macro   0x0000000000002bc1       0x1c ./Src/display.o
 .debug_macro   0x0000000000002bdd       0x3d ./Src/display.o
 .debug_macro   0x0000000000002c1a       0x16 ./Src/display.o
 .debug_macro   0x0000000000002c30      0x145 ./Src/display.o
 .debug_macro   0x0000000000002d75       0x16 ./Src/display.o
 .debug_macro   0x0000000000002d8b       0x35 ./Src/display.o
 .debug_macro   0x0000000000002dc0       0x20 ./Src/display.o
 .debug_macro   0x0000000000002de0       0x82 ./Src/display.o
 .debug_macro   0x0000000000002e62      0x146 ./Src/gpio.o
 .debug_macro   0x0000000000002fa8      0x146 ./Src/i2c.o
 .debug_macro   0x00000000000030ee      0x166 ./Src/main.o
 .debug_macro   0x0000000000003254      0x3ad ./Src/main.o
 .debug_macro   0x0000000000003601       0x3a ./Src/main.o
 .debug_macro   0x000000000000363b      0x146 ./Src/stm32f3xx_it.o
 .debug_macro   0x0000000000003781       0xd0 ./Src/system_stm32f3xx.o
 .debug_macro   0x0000000000003851      0x153 ./accelerometer/lsm6ds0.o

.debug_line     0x0000000000000000     0x4ee7
 .debug_line    0x0000000000000000      0x755 ./Drivers/STM32F3xx_HAL_Driver/Src/stm32f3xx_ll_gpio.o
 .debug_line    0x0000000000000755      0x639 ./Drivers/STM32F3xx_HAL_Driver/Src/stm32f3xx_ll_i2c.o
 .debug_line    0x0000000000000d8e      0x8fd ./Drivers/STM32F3xx_HAL_Driver/Src/stm32f3xx_ll_utils.o
 .debug_line    0x000000000000168b      0xed5 ./Src/display.o
 .debug_line    0x0000000000002560      0x5af ./Src/gpio.o
 .debug_line    0x0000000000002b0f      0x960 ./Src/i2c.o
 .debug_line    0x000000000000346f      0x810 ./Src/main.o
 .debug_line    0x0000000000003c7f      0x64d ./Src/stm32f3xx_it.o
 .debug_line    0x00000000000042cc      0x4fd ./Src/system_stm32f3xx.o
 .debug_line    0x00000000000047c9       0x81 ./Startup/startup_stm32f303k8tx.o
 .debug_line    0x000000000000484a      0x69d ./accelerometer/lsm6ds0.o

.debug_str      0x0000000000000000    0x768e4
 .debug_str     0x0000000000000000    0x64769 ./Drivers/STM32F3xx_HAL_Driver/Src/stm32f3xx_ll_gpio.o
                                      0x6491a (size before relaxing)
 .debug_str     0x0000000000064769     0x147b ./Drivers/STM32F3xx_HAL_Driver/Src/stm32f3xx_ll_i2c.o
                                      0x64fa2 (size before relaxing)
 .debug_str     0x0000000000065be4     0x503a ./Drivers/STM32F3xx_HAL_Driver/Src/stm32f3xx_ll_utils.o
                                      0x685b4 (size before relaxing)
 .debug_str     0x000000000006ac1e     0xa157 ./Src/display.o
                                      0x73689 (size before relaxing)
 .debug_str     0x0000000000074d75       0x45 ./Src/gpio.o
                                      0x6ed37 (size before relaxing)
 .debug_str     0x0000000000074dba      0x5fe ./Src/i2c.o
                                      0x6f523 (size before relaxing)
 .debug_str     0x00000000000753b8     0x1321 ./Src/main.o
                                      0x7023e (size before relaxing)
 .debug_str     0x00000000000766d9       0xb8 ./Src/stm32f3xx_it.o
                                      0x6ed6d (size before relaxing)
 .debug_str     0x0000000000076791       0x6e ./Src/system_stm32f3xx.o
                                      0x635c0 (size before relaxing)
 .debug_str     0x00000000000767ff       0x31 ./Startup/startup_stm32f303k8tx.o
                                         0x85 (size before relaxing)
 .debug_str     0x0000000000076830       0xb4 ./accelerometer/lsm6ds0.o
                                      0x6ee8a (size before relaxing)

.comment        0x0000000000000000       0x53
 .comment       0x0000000000000000       0x53 ./Drivers/STM32F3xx_HAL_Driver/Src/stm32f3xx_ll_gpio.o
                                         0x54 (size before relaxing)
 .comment       0x0000000000000053       0x54 ./Drivers/STM32F3xx_HAL_Driver/Src/stm32f3xx_ll_i2c.o
 .comment       0x0000000000000053       0x54 ./Drivers/STM32F3xx_HAL_Driver/Src/stm32f3xx_ll_utils.o
 .comment       0x0000000000000053       0x54 ./Src/display.o
 .comment       0x0000000000000053       0x54 ./Src/gpio.o
 .comment       0x0000000000000053       0x54 ./Src/i2c.o
 .comment       0x0000000000000053       0x54 ./Src/main.o
 .comment       0x0000000000000053       0x54 ./Src/stm32f3xx_it.o
 .comment       0x0000000000000053       0x54 ./Src/system_stm32f3xx.o
 .comment       0x0000000000000053       0x54 ./accelerometer/lsm6ds0.o

.debug_frame    0x0000000000000000     0x1768
 .debug_frame   0x0000000000000000      0x1c0 ./Drivers/STM32F3xx_HAL_Driver/Src/stm32f3xx_ll_gpio.o
 .debug_frame   0x00000000000001c0      0x238 ./Drivers/STM32F3xx_HAL_Driver/Src/stm32f3xx_ll_i2c.o
 .debug_frame   0x00000000000003f8      0x3dc ./Drivers/STM32F3xx_HAL_Driver/Src/stm32f3xx_ll_utils.o
 .debug_frame   0x00000000000007d4      0x640 ./Src/display.o
 .debug_frame   0x0000000000000e14       0x54 ./Src/gpio.o
 .debug_frame   0x0000000000000e68      0x3e4 ./Src/i2c.o
 .debug_frame   0x000000000000124c      0x2a0 ./Src/main.o
 .debug_frame   0x00000000000014ec      0x110 ./Src/stm32f3xx_it.o
 .debug_frame   0x00000000000015fc       0x58 ./Src/system_stm32f3xx.o
 .debug_frame   0x0000000000001654       0xe8 ./accelerometer/lsm6ds0.o
 .debug_frame   0x000000000000173c       0x2c c:/st/stm32cubeide_1.7.0/stm32cubeide/plugins/com.st.stm32cube.ide.mcu.externaltools.gnu-tools-for-stm32.9-2020-q2-update.win32_2.0.0.202105311346/tools/bin/../lib/gcc/arm-none-eabi/9.3.1/../../../../arm-none-eabi/lib/thumb/v7e-m+fp/hard\libc_nano.a(lib_a-init.o)
