stm32f3xx_ll_gpio.h:895:22:LL_GPIO_SetOutputPin	16	static
stm32f3xx_ll_gpio.h:924:22:LL_GPIO_ResetOutputPin	16	static
stm32f3xx_ll_tim.h:3971:22:LL_TIM_ClearFlag_UPDATE	16	static
stm32f3xx_ll_tim.h:3982:26:LL_TIM_IsActiveFlag_UPDATE	16	static
display.c:19:6:resetSegments	8	static
display.c:33:6:setSegments	8	static
display.c:47:6:resetDigits	8	static
display.c:57:6:setDigits	8	static
display.c:66:6:setDecimalPoint	8	static
display.c:72:6:setOne	8	static
display.c:79:6:setTwo	8	static
display.c:89:6:setThree	8	static
display.c:99:6:setFour	8	static
display.c:108:6:setFive	8	static
display.c:118:6:setSix	8	static
display.c:129:6:setSeven	8	static
display.c:137:6:setEight	8	static
display.c:149:6:setNine	8	static
display.c:159:6:setZero	8	static
display.c:172:6:setA	8	static
display.c:183:6:seta	8	static
display.c:194:6:setb	8	static
display.c:204:6:setC	8	static
display.c:213:6:setc	8	static
display.c:221:6:setd	8	static
display.c:232:6:setE	8	static
display.c:243:6:setF	8	static
display.c:252:6:setG	8	static
display.c:262:6:setH	8	static
display.c:272:6:seth	8	static
display.c:281:6:setI	8	static
display.c:288:6:setJ	8	static
display.c:297:6:setL	8	static
display.c:305:6:setn	8	static
display.c:313:6:setO	8	static
display.c:324:6:seto	8	static
display.c:333:6:setP	8	static
display.c:343:6:setq	8	static
display.c:353:6:setr	8	static
display.c:360:6:setS	8	static
display.c:370:6:sett	8	static
display.c:379:6:setU	8	static
display.c:389:6:setu	8	static
display.c:397:6:sety	8	static
display.c:407:6:setK	8	static
display.c:417:6:setM	8	static
display.c:426:6:setV	8	static
display.c:434:6:setW	8	static
display.c:445:6:setX	8	static
display.c:453:6:setZ	8	static
display.c:463:6:set_	8	static
display.c:476:6:setDigit	16	static
display.c:499:6:updateDisplay	32	static
display.c:776:6:TIM2_IRQHandler	8	static
