stm32f3xx_ll_tim.h:3971:22:LL_TIM_ClearFlag_UPDATE	16	static
stm32f3xx_ll_tim.h:3982:26:LL_TIM_IsActiveFlag_UPDATE	16	static
stm32f3xx_ll_gpio.h:895:22:LL_GPIO_SetOutputPin	16	static
stm32f3xx_ll_gpio.h:924:22:LL_GPIO_ResetOutputPin	16	static
display.c:19:6:resetSegments	8	static
display.c:33:6:setSegments	8	static
display.c:47:6:resetDigits	8	static
display.c:58:6:setDigits	8	static
display.c:67:6:setDecimalPoint	8	static
display.c:73:6:setOne	8	static
display.c:80:6:setTwo	8	static
display.c:90:6:setThree	8	static
display.c:100:6:setFour	8	static
display.c:109:6:setFive	8	static
display.c:119:6:setSix	8	static
display.c:130:6:setSeven	8	static
display.c:138:6:setEight	8	static
display.c:150:6:setNine	8	static
display.c:160:6:setZero	8	static
display.c:173:6:setA	8	static
display.c:184:6:seta	8	static
display.c:195:6:setb	8	static
display.c:205:6:setC	8	static
display.c:214:6:setc	8	static
display.c:222:6:setd	8	static
display.c:233:6:setE	8	static
display.c:244:6:setF	8	static
display.c:253:6:setG	8	static
display.c:263:6:setH	8	static
display.c:273:6:seth	8	static
display.c:282:6:setI	8	static
display.c:289:6:setJ	8	static
display.c:298:6:setL	8	static
display.c:306:6:setn	8	static
display.c:314:6:setO	8	static
display.c:325:6:seto	8	static
display.c:334:6:setP	8	static
display.c:344:6:setq	8	static
display.c:354:6:setr	8	static
display.c:361:6:setS	8	static
display.c:371:6:sett	8	static
display.c:380:6:setU	8	static
display.c:390:6:setu	8	static
display.c:398:6:sety	8	static
display.c:408:6:setK	8	static
display.c:418:6:setM	8	static
display.c:427:6:setV	8	static
display.c:435:6:setW	8	static
display.c:446:6:setX	8	static
display.c:454:6:setZ	8	static
display.c:464:6:set_	8	static
display.c:470:6:setbodka	8	static
display.c:476:6:setminus	8	static
display.c:489:6:setDigit	16	static
display.c:512:6:updateDisplay	32	static
display.c:823:6:TIM2_IRQHandler	8	static
